Using saved setting for 'extra-substituters = ' from ~/.local/share/nix/trusted-settings.json.
warning: ignoring untrusted flake configuration setting 'extra-substituters'.
Pass '--accept-flake-config' to trust it
Using saved setting for 'extra-trusted-public-keys = ' from ~/.local/share/nix/trusted-settings.json.
Build profile: -w ghc-9.12.4 -O1
In order, the following will be built (use -v for more details):
 - kiroku-store-0.8.0.2 (test:kiroku-store-test) (first run)
 - shibuya-kiroku-adapter-0.5.1.3 (test:shibuya-kiroku-adapter-test) (first run)
Preprocessing test suite 'shibuya-kiroku-adapter-test' for shibuya-kiroku-adapter-0.5.1.3...
Building test suite 'shibuya-kiroku-adapter-test' for shibuya-kiroku-adapter-0.5.1.3...
Preprocessing test suite 'kiroku-store-test' for kiroku-store-0.8.0.2...
Building test suite 'kiroku-store-test' for kiroku-store-0.8.0.2...
Running 1 test suites...
Test suite shibuya-kiroku-adapter-test: RUNNING...
Running 1 test suites...
Test suite kiroku-store-test: RUNNING...

toEnvelope
  copies W3C trace metadata into Shibuya trace headers [✔]
  omits trace headers when traceparent is absent or not a string [✔]
  does not surface broker headers (headers is Nothing), even with trace metadata [✔]
  stamps kiroku identity attributes for a non-grouped subscription (EP-5 M2) [✔]
  stamps the consumer-group member attribute for a grouped subscription (EP-5 M2) [✔]
toKirokuDeadLetterReason
  keeps the framework reasons on their dedicated Kiroku constructors [✔]
  maps an application failure to DeadLetterOther with a queryable code (shibuya-core 0.9) [✔]
consumer group policy
  accepts Serial member concurrency as (PartitionedInOrder, Serial) [✔]
  rejects Ahead member concurrency with a PolicyError [✔]
  rejects Async member concurrency with a PolicyError [✔]
kirokuAdapter
  delivers only matching event types when an eventTypeFilter is set (EP-43) [✔]
  delivers only matching types across a filtered consumer group (EP-43) [✔]

Kiroku.Store.Types category rule
  categoryName
    takes the substring before the first dash [✔]
    treats a dashless name as its own category [✔]
    stops at the first dash even with later dashes [✔]
    never yields a category containing a dash [✔]
      passed 100 tests.
  streamNameInCategory
    joins category and segment with a dash [✔]
  round-trip
    categoryName . streamNameInCategory == id, for dash-free categories [✔]
      passed 100 tests.
kiroku-store invariants (property-based, hedgehog)
  delivers only events matching an opaque selector (EP-43 follow-up) [✔]
  delivers catch-up events through Shibuya pipeline [✔]
  supports a future-only FromCurrentHead adapter [✔]
  preserves an existing checkpoint when restarted with FromCurrentHead [✔]
  surfaces FailIfMissing without leaving a subscription registered [✔]
  delivers live events through Shibuya pipeline [✔]
  survives an append burst while the handler is paused [✔]
  ends adapter.source cleanly after shutdown [✔]
  rethrows worker crashes through adapter.source [✔]
  runs multiple category subscriptions concurrently [✔]
  isolates a failing subscription from healthy ones [✔]
  shuts down all subscriptions coordinately [✔]
ack dispositions
  keeps the first Kiroku reply when an ack is finalized twice [✔]
  $all global positions are strictly ascending and unique (F2) [✔]
    passed 15 tests.
  AckRetry redelivers the same event, then AckOk advances (EP-40 M3) [✔]
  AckHalt leaves the checkpoint behind the event and restart replays it [✔]
  shutdown after an ack but before checkpoint persistence replays without leaking [✔]
  AckDeadLetter records the event and the next event continues (EP-40 M3) [✔]
  guardKirokuHandlerWith retries a transient handler exception and preserves attempts [✔]
  guardKirokuHandlerWith dead-letters a persistent handler exception and continues [✔]
consumer groups
  soft-deleted streams reject appends of every ExpectedVersion (F4) [✔]
    passed 15 tests.
  four-member group delivers a disjoint, complete partition of the stream [✔]
consumer group policy
  rejects an invalid member concurrency before opening any subscription [✔]
  throws InvalidConsumerGroup for non-positive group sizes [✔]
  shuts down every created member and preserves the factory failure when cleanup throws [✔]
  owns a returned member before cancellation can interrupt construction [✔]
  duplicate caller-supplied event ids are rejected (F5) [✔]
    passed 15 tests.
kiroku-store concurrency (deterministic)
  many AnyVersion writers to one stream preserve stream and global order [✔]
  many AnyVersion writers to invoice-payment preserve stream and global order [✔]
  wraps consumer-group handlers so exceptions finalize a retry decision [✔]
  many batched writers to different streams preserve batch-local and global order [✔]
  large append batches return the final stream and global positions [✔]
  one call yields N PartitionedInOrder processors; members partition the stream disjointly [✔]

Finished in 8.7323 seconds
38 examples, 0 failures
  overlapping appendMultiStream stress preserves all-or-nothing ordering [✔]
  duplicate event failure leaves touched streams and $all unchanged [✔]
  two concurrent appends to different streams both succeed (F9) [✔]
Test suite shibuya-kiroku-adapter-test: PASS
Test suite logged to:
/Users/shinzui/Keikaku/bokuno/kiroku-project/kiroku/dist-newstyle/build/aarch64-osx/ghc-9.12.4/shibuya-kiroku-adapter-0.5.1.3/t/shibuya-kiroku-adapter-test/test/shibuya-kiroku-adapter-0.5.1.3-shibuya-kiroku-adapter-test.log
1 of 1 test suites (1 of 1 test cases) passed.
  two concurrent ExactVersion appends to same stream — one wins (F10) [✔]
  two concurrent multi-stream appends in opposite order do not deadlock (F11) [✔]
  single-stream append retry does not leak transient SQLSTATEs [✔]
kiroku-store failure injection
FATAL:  terminating connection due to administrator command
  delivers events appended during listener-down window after reconnect (F14) [✔]
history retention
  validates UTF-8 byte lengths, duration bounds, and inventory bounds [✔]
  captures the authoritative frontier and database-derived expiry [✔]
  rolls back acquisition when the surrounding transaction is condemned [✔]
  renews only the matching active owner and never shortens expiry [✔]
  derives expiry without a worker and refuses resurrection [✔]
  releases idempotently and leaves another simultaneous lease active [✔]
  bounds inventory and prunes only terminal rows older than the cutoff [✔]
  emits committed effect transitions once and no false repeated-release event [✔]
  returns and emits a typed hard-delete conflict without changing history while any lease is active [✔]
  history retention raw SQL
    serializes lease-first acquisition ahead of raw deletion [✔]
    serializes delete-first maintenance ahead of post-delete acquisition [✔]
    rejects GUC-enabled DELETE with KR001 and permits it after release [✔]
    rejects GUC-enabled TRUNCATE with KR001 and permits it after release [✔]
    permits GUC-enabled maintenance after passive expiry [✔]
history retention mock
  dispatches every closed lease operation exactly once [✔]
runTransaction
  executes a no-op Tx.statement and returns its result [✔]
  preserves SQLSTATE and message for an opaque foreign-key failure [✔]
appendToStreamTx (driven inside runTransaction)
  appends events and a side-table row in one atomic transaction [✔]
  rolls back the append and the side row when the body condemns [✔]
  returns Left on version conflict; the caller's branch sees no AppendResult [✔]
  surfaces duplicate caller-supplied event ids as DuplicateEvent [✔]
runTransactionAppending
  commits 3 events and a side-table row in one ACID transaction [✔]
  rolls back the append and the side row when the callback condemns [✔]
  skips the callback and surfaces the version conflict [✔]
  rejects $all before opening any transaction [✔]
  rejects oversized stream names before opening any transaction [✔]
  rejects empty event batches before opening a transaction [✔]
  surfaces duplicate caller-supplied event ids as DuplicateEvent [✔]
TruncateBefore
  bounds per-stream reads to the kept suffix [✔]
  leaves the $all global log and category reads intact [✔]
  is reversible via clearStreamTruncateBefore [✔]
  is idempotent [✔]
  applies across paged reads [✔]
  reflects the marker in getStream [✔]
  returns Nothing for missing or soft-deleted streams [✔]
  rejects $all with ReservedStreamName [✔]
readStreamForwardStream
  matches readStreamForward on a single-page stream [✔]
  folds 1000 events end-to-end with Fold.length across multiple pages [✔]
  preserves order and avoids duplicates / gaps when paging at pageSize 2 [✔]
  terminates immediately on a nonexistent stream [✔]
  honors a non-zero starting cursor with exclusivity [✔]
  uses one pool checkout per non-empty page when the final page is short [✔]
eventExistsInStream
  finds an existing event id in its live stream [✔]
  returns False for absent ids and ids linked only to another stream [✔]
  treats soft-deleted streams as absent [✔]
lookupStreamNames / lookupStreamName
  resolves originalStreamId back to the source stream for $all reads [✔]
  omits ids that name no existing stream [✔]
  returns an empty map for an empty id list [✔]
  lookupStreamName resolves a single id, and Nothing for an unknown one [✔]
stream bridge termination
  rejects a zero-sized bridge buffer [✔]
  rethrows the worker exception to the consumer when the worker dies [✔]
  ends the stream after a clean worker stop [✔]
  cancelAction returns promptly even when the bridge queue is full [✔]
  cancelAction is idempotent and leaves no subscription thread registered [✔]
stream history guard
  returns exact metadata and pages with production cursor semantics [✔]
  returns typed unavailable results for missing and reserved streams [✔]
  returns soft-deleted metadata and blocks undelete until guard completion [✔]
  blocks append until guard completion [✔]
  releases the guard on rollback and lets the blocked append complete [✔]
  blocks link into the guarded stream until guard completion [✔]
  blocks soft delete and logical truncate until guard completion [✔]
  blocks hard delete of the guarded origin until guard completion [✔]
  blocks hard delete of another origin linked into the guarded stream [✔]
  keeps opposing hard deletes and multi-stream appends deadlock-free [✔]
InterpreterHooks
  enrichEvent
    applies enrichEvent to appended events surfaced through readStreamForward [✔]
    applies enrichEvent across appendMultiStream per-stream batches [✔]
  decodeHook
    applies decodeHook to readAllForward results [✔]
    applies decodeHook to subscription handlers across catch-up and live phases [✔]
  no hooks
    with defaultStoreSettings, a round-trip preserves payload and metadata exactly [✔]
findCausationDescendants
  returns the seed event and every descendant in global-position order [✔]
  on an eventId with no descendants returns a vector of length 1 (the seed only) [✔]
  on a non-existent eventId returns an empty vector [✔]
findCausationAncestors
  walks from a leaf back to the root, leaf first [✔]
findByCorrelation
  returns every event with the given correlation across multiple streams in global-position order [✔]
  on an unknown correlation returns an empty vector [✔]
ConsumerGroupSql
  category consumer-group partitioning (size 4)
    splits a category into 4 pairwise-disjoint member slices [✔]
    union of all member slices equals the unpartitioned category read [✔]
    every stream's events go to exactly one member, in ascending global position [✔]
    member assignment is deterministic across repeated reads [✔]
    size 1 is equivalent to an unpartitioned category read [✔]
  per-member checkpoints
    stores and reads independent checkpoints per member [✔]
    never moves a member checkpoint backward (GREATEST monotonicity) [✔]
    missing member checkpoint reads as Nothing [✔]
    the existing name-keyed checkpoint statements still round-trip (as member 0) [✔]
  $all consumer-group partitioning (size 4)
    splits $all into 4 pairwise-disjoint member slices [✔]
    union of all member slices equals the unpartitioned $all read [✔]
    every stream's events go to exactly one member, in ascending global position [✔]
    size 1 is equivalent to an unpartitioned $all read [✔]
  member_of assignment rule
    returns a member index in [0, size) for every stream [✔]
consumer groups
  delivers a disjoint, complete, per-stream-ordered partition (size-4 category group) [✔]
  size-1 group delivers the same set as a plain subscription [✔]
  $all group partitions the whole store across members [✔]
  resumes member 2 from its own (name, member) checkpoint [✔]
  lifecycle events carry the consumer-group member context (GroupMember 2 4) [✔]
  consumerGroupGuard fails fast when another holder holds the (name, member) lock [✔]
  subscriptionStream forwards the consumer-group field (member 0 of 2 sees its slice) [✔]
consumer groups (effectful)
  routes each member through the effectful API to its own disjoint, complete, per-stream-ordered slice (size-2 category group) [✔]
  preserves State across handler calls within one member (Persistent unlift) [✔]
performance structure
  no-op paths use no pooled connection
    rejects an empty appendToStream batch before pool checkout [✔]
    returns an empty appendMultiStream result before pool checkout [✔]
    rejects invalid retention requests before pool checkout [✔]
    keeps every ordinary statement free of retention coordination [✔]
  production query plans
    visible global head lookup uses ux_stream_events_stream_version without Sort [✔]
    category high-cursor reads use ix_stream_events_all_by_origin [✔]
    dead-letter reads use ix_dead_letters_subscription_position without Sort [✔]
    orphan dead-letter cleanup uses ix_dead_letters_event_id [✔]
    active retention lookup uses ix_history_retention_leases_unreleased_expiry [✔]
    installs no retention trigger for INSERT or UPDATE [✔]
  NOTIFY trigger guard
    emits one unchanged append payload and no lifecycle or $all payloads [✔]
    emits the unchanged payload for a 512-byte stream name [✔]
  empty stream-name lookup
    short-circuits empty input without a pool checkout [✔]
live loops do not busy-spin while idle (plan 37)
  an idle Category subscriber does zero fetches while another category is active, then wakes on its own event [✔]
  an idle consumer-group member does not spin while a different category advances the global position [✔]
publisher callback resilience
  keeps the publisher alive when decodeHook throws once [✔]
  drops throwing eventHandler exceptions without killing publisher or worker [✔]
publisher idle advance
  advances lastPublished without decoding any rows when no subscriber is registered [✔]
  does not fetch full rows while only a category subscriber exists [✔]
  switches from cheap advance to all-stream delivery without gaps [✔]
publisher restart tail initialization
  does not rebroadcast restart history into a blocked all-stream subscriber [✔]
  delivers a live event appended after a restarted subscriber catches up [✔]
  keeps per-subscription checkpoints independent from the publisher tail [✔]
catch-up DB error handling
  retries a transient fetch error instead of switching to live mode at a stale cursor [✔]
subscription FSM — recoverable backpressure (EP-41 M2)
  pauses a slow AllStreams consumer and resumes, delivering all events [✔]
  still fails fast under DropSubscription [✔]
subscription checkpoint initialization
  materializes position zero for FromBeginning [✔]
  atomically materializes the current store head for FromCurrentHead [✔]
  returns a typed missing result without creating a row for FailIfMissing [✔]
  preserves an existing row for every configured policy [✔]
  isolates checkpoint initialization by consumer-group member [✔]
  converges concurrent initializers on one durable winner [✔]
  runs through the resource-backed Store interpreter [✔]
subscription checkpoint initialization mock interpreter
  carries the closed policy and typed result through one Store effect call [✔]
subscription checkpoint worker policies
  starts a non-group worker FromBeginning and reports the durable seed [✔]
  forms a clean FromCurrentHead cut while appends race startup [✔]
  initializes each consumer-group member independently at the current head [✔]
  preserves FailIfMissing through the bracketed plain-IO entry point [✔]
  preserves FromCurrentHead through the higher-order effect entry point [✔]
  preserves FailIfMissing through the Streamly bridge [✔]
SubscriptionCheckpointInventory
  returns position zero and no rows for an empty migrated store [✔]
  runs through the resource-backed Store interpreter [✔]
  returns the exact store position and a member-zero checkpoint [✔]
  returns multiple names and members in deterministic key order [✔]
  preserves monotonic checkpoints and observes later commits on a fresh read [✔]
  retains a durable row after the worker stops and leaves live state [✔]
  does not expose in-flight live handler progress before checkpoint commit [✔]
  observes the checkpoint advanced by a dead-letter transaction [✔]
  captures a head at or beyond every normally written checkpoint [✔]
SubscriptionCheckpointInventory mock interpreter
  returns a public inventory through one Store effect call [✔]
subscription checkpoint reset
  commits every persisted member and reports sorted affected and missing names exactly [✔]
  rolls back the reset and an application-table write when the transaction is condemned [✔]
  can rewind while later ordinary saves remain monotonic [✔]
  reports missing names without manufacturing checkpoint rows [✔]
subscription FSM — worker-level live reconnect (EP-41 M3)
  reconnects and resumes after transient live-mode database errors [✔]
startup failure surfacing
  fails subscription startup loudly when checkpoint load fails [✔]
  refuses a missing checkpoint before Started or handler delivery [✔]
  leaves no publisher or subscription registry entries after a subscribe/cancel storm [✔]
subscription FSM — observable state (EP-41 M4)
  reports CatchingUp while blocked in catch-up and Live once caught up [✔]
  delivers every event exactly once in order across the catch-up to live boundary [✔]
subscription registry (EP-1 / plan 45)
  registers every live subscription with a sensible state and position [✔]
  removes a subscription's entry when it stops cleanly [✔]
  removes a subscription's entry when it is cancelled [✔]
  removes a subscription's entry when its handler crashes [✔]
  stale duplicate-key cleanup does not remove the replacement entry [✔]
  publisher queue registration
    registers publisher queues only for non-group AllStreams subscriptions [✔]
subscription dispositions — retry / dead-letter (EP-40)
  dead-letters one event, advances the checkpoint, and keeps delivering [✔]
  retries one event until it succeeds without advancing past it [✔]
  dead-letters after exhausting the retry budget and continues [✔]
event-type filter
  delivers only matching types and advances the checkpoint past filtered events [✔]
  advances the checkpoint past a trailing filtered-out event [✔]
  never stalls on a long run of non-matching events (1 A, 1000 B, 1 A) [✔]
  does not dead-letter a filtered-out type even when the handler would [✔]
  delivers only events matching an opaque selector and advances past the rest (no stall) [✔]
  composes the selector with eventTypeFilter as a logical AND [✔]
visible global head position
  returns zero for an empty migrated store through both public runners [✔]
  returns the greatest appended position [✔]
  falls back across hard-deleted tails while the append frontier stays monotonic [✔]
  keeps logically truncated and soft-deleted events visible in $all [✔]
  does not invoke the event decode hook [✔]
visible global head position mock
  returns the configured position through one Store effect call [✔]
schema migrations
  installs every Kiroku table under the kiroku schema [✔]
  leaves the public schema free of Kiroku tables [✔]
  provides a UUIDv7 database default for direct event inserts [✔]
appendToStream
  NoStream
    creates a new stream and appends events [✔]
    fails when stream already exists [✔]
  empty event batches
    rejects NoStream without creating a phantom stream or advancing $all [✔]
    rejects empty batches for existing-stream expectations without changing version [✔]
    rejects an empty per-stream batch in appendMultiStream without committing any stream [✔]
    treats an empty appendMultiStream operation list as a no-op [✔]
  ExactVersion
    appends when version matches [✔]
    fails on version conflict [✔]
  StreamExists
    appends to an existing stream [✔]
    fails when stream does not exist [✔]
  AnyVersion
    creates a new stream [✔]
    appends to an existing stream [✔]
  batch append
    appends multiple events with sequential versions [✔]
  global position contiguity
    assigns contiguous global positions across streams [✔]
  duplicate event ID
    rejects duplicate event IDs [✔]
  stream-name contract
    treats system-looking names other than $all as ordinary streams [✔]
    rejects $all as an application append target [✔]
    rejects $all as a multi-stream append target without partial commit [✔]
    rejects $all as a link target [✔]
    rejects lifecycle operations against $all [✔]
    rejects stream names longer than 512 UTF-8 bytes before creating streams [✔]
    rejects oversized link targets without creating the target stream [✔]
    rejects oversized multi-stream targets without partial commit [✔]
    accepts a 512-byte stream name [✔]
readStreamForward
  reads events in forward order (read-your-own-writes) [✔]
readStreamBackward
  reads events in backward order [✔]
  paginates backward using stream version as an exclusive cursor [✔]
cursor-based pagination
  paginates using stream version as cursor [✔]
readAllForward
  reads events from $all in global order [✔]
readAllBackward
  reads events from $all in reverse order [✔]
  paginates backward using global position as an exclusive cursor [✔]
read empty/nonexistent stream
  returns empty Vector for nonexistent stream [✔]
getStream
  returns metadata for existing stream [✔]
  returns Nothing for nonexistent stream [✔]
lookupStreamId
  returns the same id as getStream for a live stream [✔]
  returns Nothing for a stream that has never been created [✔]
  returns Just the same id for a soft-deleted stream [✔]
integration: full lifecycle through withStore
  append, read forward, read $all, getStream — all through public API [✔]
linkToStream
  links a single event to a new stream [✔]
  links multiple events with sequential versions [✔]
  links events to an existing stream and bumps version [✔]
  linked events still appear in $all at original global positions [✔]
  rejects linking the same event to the same stream twice [✔]
  rejects link when the source event does not exist [✔]
  rejects link with a mix of valid and missing events (no partial commit) [✔]
  rejects link to a soft-deleted target stream [✔]
readCategory
  reads events from matching category streams in global position order [✔]
  supports pagination with start position and limit [✔]
  returns empty for nonexistent category [✔]
  includes linked events that originate from category streams [✔]
appendMultiStream
  atomically appends to two streams [✔]
  rolls back all streams on version conflict [✔]
  appends to three streams with different expected versions [✔]
  preserves user-supplied ordering of global positions [✔]
softDeleteStream
  soft-deletes a stream and getStream shows deletedAt [✔]
  returns empty for reads from a soft-deleted stream [✔]
  rejects appends to a soft-deleted stream [✔]
  returns Nothing for nonexistent stream [✔]
  returns Nothing for already-deleted stream [✔]
  events from soft-deleted stream still appear in $all [✔]
  ExactVersion append rejected against soft-deleted stream [✔]
  AnyVersion append rejected against soft-deleted stream [✔]
  NoStream append rejected against soft-deleted stream [✔]
undeleteStream
  restores a soft-deleted stream [✔]
  reads work after undelete [✔]
  appends work after undelete [✔]
  returns Nothing for non-deleted stream [✔]
hardDeleteStream
  hard-deletes a stream completely [✔]
  events from hard-deleted stream no longer appear in $all [✔]
  returns Nothing for nonexistent stream [✔]
  TRUNCATE on events is rejected without the GUC [✔]
  TRUNCATE on stream_events is rejected without the GUC [✔]
  TRUNCATE on streams is rejected without the GUC [✔]
  removes orphan event payloads from the events table [✔]
  removes dead letters for orphaned events before deleting their payloads [✔]
  keeps dead letters for linked-in events that survive a hard delete [✔]
  preserves events still linked to non-target streams [✔]
subscribe
  catches up from position 0 on a store with existing events [✔]
  receives live events appended after subscription starts [✔]
  persists checkpoint and resumes from saved position [✔]
  does not replay catch-up events when switching to all-stream live mode [✔]
  does not skip an event when cancelled before checkpoint save [✔]
  saves checkpoints at Stop boundaries without skipping the next event [✔]
  delivers only category-matching events during live mode (F18) [✔]
  delivers only category-matching events during catch-up [✔]
  preserves category subscription order under mixed invoice-payment writes [✔]
  cancels a running subscription cleanly [✔]
  receives events appended to an initially empty store [✔]
  handles rapid appends without losing events (debouncing) [✔]
  surfaces SubscriptionOverflowed when a slow subscriber overruns its queue (F6) [✔]
  catches up with an Eff-based handler via the effectful API [✔]
withSubscription
  cancels the worker on normal scope exit [✔]
  cancels the worker when the body throws [✔]
extractStreamNameFromDetail
  extracts the stream name from a typical PostgreSQL detail [✔]
  extracts a stream name containing dashes and digits [✔]
  returns Nothing when the detail is empty [✔]
  returns Nothing when the detail does not contain '=(' [✔]
  returns Nothing for an empty parenthesised value [✔]
isTransientSerializationError
  recognizes only serialization and deadlock SQLSTATEs [✔]
  maps both transient SQLSTATEs to TransientTransactionFailure [✔]
  leaves non-transient server codes on UnexpectedServerError [✔]
Notifier reconnection
FATAL:  terminating connection due to administrator command
  releases the reconnected listener connection on shutdown [✔]
observationHandler
  receives observations during store operations [✔]
KirokuEvent observation
FATAL:  terminating connection due to administrator command
  emits notifier reconnect events on backend termination (F1) [✔]
  emits subscription lifecycle events (F14) [✔]
  emits a hard-delete event when the stream existed (F13) [✔]

Finished in 56.3311 seconds
308 examples, 0 failures
Test suite kiroku-store-test: PASS
Test suite logged to:
/Users/shinzui/Keikaku/bokuno/kiroku-project/kiroku/dist-newstyle/build/aarch64-osx/ghc-9.12.4/kiroku-store-0.8.0.2/t/kiroku-store-test/test/kiroku-store-0.8.0.2-kiroku-store-test.log
1 of 1 test suites (1 of 1 test cases) passed.
